Incorrect Usage. flag provided but not defined: -dataDir

NAME:
   geth - the go-ethereum command line interface

   Copyright 2013-2018 The go-ethereum Authors

USAGE:
   geth [options] command [command options] [arguments...]
   
VERSION:
   1.8.14-stable
   
COMMANDS:
   account           Manage accounts
   attach            Start an interactive JavaScript environment (connect to node)
   bug               opens a window to report a bug on the geth repo
   console           Start an interactive JavaScript environment
   copydb            Create a local chain from a target chaindata folder
   dump              Dump a specific block from storage
   dumpconfig        Show configuration values
   export            Export blockchain into file
   export-preimages  Export the preimage database into an RLP stream
   import            Import a blockchain file
   import-preimages  Import the preimage database from an RLP stream
   init              Bootstrap and initialize a new genesis block
   js                Execute the specified JavaScript files
   license           Display license information
   makecache         Generate ethash verification cache (for testing)
   makedag           Generate ethash mining DAG (for testing)
   monitor           Monitor and visualize node metrics
   removedb          Remove blockchain and state databases
   version           Print version numbers
   wallet            Manage Ethereum presale wallets
   help, h           Shows a list of commands or help for one command
   
ETHEREUM OPTIONS:
  --config value                             TOML configuration file
  --datadir "/Users/youdi/Library/Ethereum"  Data directory for the databases and keystore
  --keystore                                 Directory for the keystore (default = inside the datadir)
  --nousb                                    Disables monitoring for and managing USB hardware wallets
  --networkid value                          Network identifier (integer, 1=Frontier, 2=Morden (disused), 3=Ropsten, 4=Rinkeby) (default: 1)
  --testnet                                  Ropsten network: pre-configured proof-of-work test network
  --rinkeby                                  Rinkeby network: pre-configured proof-of-authority test network
  --syncmode "fast"                          Blockchain sync mode ("fast", "full", or "light")
  --gcmode value                             Blockchain garbage collection mode ("full", "archive") (default: "full")
  --ethstats value                           Reporting URL of a ethstats service (nodename:secret@host:port)
  --identity value                           Custom node name
  --lightserv value                          Maximum percentage of time allowed for serving LES requests (0-90) (default: 0)
  --lightpeers value                         Maximum number of LES client peers (default: 100)
  --lightkdf                                 Reduce key-derivation RAM & CPU usage at some expense of KDF strength
  
DEVELOPER CHAIN OPTIONS:
  --dev               Ephemeral proof-of-authority network with a pre-funded developer account, mining enabled
  --dev.period value  Block period to use in developer mode (0 = mine only if transaction pending) (default: 0)
  
ETHASH OPTIONS:
  --ethash.cachedir                       Directory to store the ethash verification caches (default = inside the datadir)
  --ethash.cachesinmem value              Number of recent ethash caches to keep in memory (16MB each) (default: 2)
  --ethash.cachesondisk value             Number of recent ethash caches to keep on disk (16MB each) (default: 3)
  --ethash.dagdir "/Users/youdi/.ethash"  Directory to store the ethash mining DAGs (default = inside home folder)
  --ethash.dagsinmem value                Number of recent ethash mining DAGs to keep in memory (1+GB each) (default: 1)
  --ethash.dagsondisk value               Number of recent ethash mining DAGs to keep on disk (1+GB each) (default: 2)
  
TRANSACTION POOL OPTIONS:
  --txpool.locals value        Comma separated accounts to treat as locals (no flush, priority inclusion)
  --txpool.nolocals            Disables price exemptions for locally submitted transactions
  --txpool.journal value       Disk journal for local transaction to survive node restarts (default: "transactions.rlp")
  --txpool.rejournal value     Time interval to regenerate the local transaction journal (default: 1h0m0s)
  --txpool.pricelimit value    Minimum gas price limit to enforce for acceptance into the pool (default: 1)
  --txpool.pricebump value     Price bump percentage to replace an already existing transaction (default: 10)
  --txpool.accountslots value  Minimum number of executable transaction slots guaranteed per account (default: 16)
  --txpool.globalslots value   Maximum number of executable transaction slots for all accounts (default: 4096)
  --txpool.accountqueue value  Maximum number of non-executable transaction slots permitted per account (default: 64)
  --txpool.globalqueue value   Maximum number of non-executable transaction slots for all accounts (default: 1024)
  --txpool.lifetime value      Maximum amount of time non-executable transaction are queued (default: 3h0m0s)
  
PERFORMANCE TUNING OPTIONS:
  --cache value            Megabytes of memory allocated to internal caching (default: 1024)
  --cache.database value   Percentage of cache memory allowance to use for database io (default: 75)
  --cache.gc value         Percentage of cache memory allowance to use for trie pruning (default: 25)
  --trie-cache-gens value  Number of trie node generations to keep in memory (default: 120)
  
ACCOUNT OPTIONS:
  --unlock value    Comma separated list of accounts to unlock
  --password value  Password file to use for non-interactive password input
  
API AND CONSOLE OPTIONS:
  --rpc                  Enable the HTTP-RPC server
  --rpcaddr value        HTTP-RPC server listening interface (default: "localhost")
  --rpcport value        HTTP-RPC server listening port (default: 8545)
  --rpcapi value         API's offered over the HTTP-RPC interface
  --ws                   Enable the WS-RPC server
  --wsaddr value         WS-RPC server listening interface (default: "localhost")
  --wsport value         WS-RPC server listening port (default: 8546)
  --wsapi value          API's offered over the WS-RPC interface
  --wsorigins value      Origins from which to accept websockets requests
  --ipcdisable           Disable the IPC-RPC server
  --ipcpath              Filename for IPC socket/pipe within the datadir (explicit paths escape it)
  --rpccorsdomain value  Comma separated list of domains from which to accept cross origin requests (browser enforced)
  --rpcvhosts value      Comma separated list of virtual hostnames from which to accept requests (server enforced). Accepts '*' wildcard. (default: "localhost")
  --jspath loadScript    JavaScript root path for loadScript (default: ".")
  --exec value           Execute JavaScript statement
  --preload value        Comma separated list of JavaScript files to preload into the console
  
NETWORKING OPTIONS:
  --bootnodes value     Comma separated enode URLs for P2P discovery bootstrap (set v4+v5 instead for light servers)
  --bootnodesv4 value   Comma separated enode URLs for P2P v4 discovery bootstrap (light server, full nodes)
  --bootnodesv5 value   Comma separated enode URLs for P2P v5 discovery bootstrap (light server, light nodes)
  --port value          Network listening port (default: 30303)
  --maxpeers value      Maximum number of network peers (network disabled if set to 0) (default: 25)
  --maxpendpeers value  Maximum number of pending connection attempts (defaults used if set to 0) (default: 0)
  --nat value           NAT port mapping mechanism (any|none|upnp|pmp|extip:<IP>) (default: "any")
  --nodiscover          Disables the peer discovery mechanism (manual peer addition)
  --v5disc              Enables the experimental RLPx V5 (Topic Discovery) mechanism
  --netrestrict value   Restricts network communication to the given IP networks (CIDR masks)
  --nodekey value       P2P node key file
  --nodekeyhex value    P2P node key as hex (for testing)
  
MINER OPTIONS:
  --mine                          Enable mining
  --miner.threads value           Number of CPU threads to use for mining (default: 0)
  --miner.notify value            Comma separated HTTP URL list to notify of new work packages
  --miner.gasprice "18000000000"  Minimal gas price for mining a transactions
  --miner.gastarget value         Target gas floor for mined blocks (default: 4712388)
  --miner.etherbase value         Public address for block mining rewards (default = first account) (default: "0")
  --miner.extradata value         Block extra data set by the miner (default = client version)
  --miner.recommit value          Time interval to recreate the block being mined. (default: 3s)
  
GAS PRICE ORACLE OPTIONS:
  --gpoblocks value      Number of recent blocks to check for gas prices (default: 20)
  --gpopercentile value  Suggested gas price is the given percentile of a set of recent transaction gas prices (default: 60)
  
VIRTUAL MACHINE OPTIONS:
  --vmdebug  Record information useful for VM and contract debugging
  
LOGGING AND DEBUGGING OPTIONS:
  --fakepow                 Disables proof-of-work verification
  --nocompaction            Disables db compaction after import
  --verbosity value         Logging verbosity: 0=silent, 1=error, 2=warn, 3=info, 4=debug, 5=detail (default: 3)
  --vmodule value           Per-module verbosity: comma-separated list of <pattern>=<level> (e.g. eth/*=5,p2p=4)
  --backtrace value         Request a stack trace at a specific logging statement (e.g. "block.go:271")
  --debug                   Prepends log messages with call-site location (file and line number)
  --pprof                   Enable the pprof HTTP server
  --pprofaddr value         pprof HTTP server listening interface (default: "127.0.0.1")
  --pprofport value         pprof HTTP server listening port (default: 6060)
  --memprofilerate value    Turn on memory profiling with the given rate (default: 524288)
  --blockprofilerate value  Turn on block profiling with the given rate (default: 0)
  --cpuprofile value        Write CPU profile to the given file
  --trace value             Write execution trace to the given file
  
METRICS AND STATS OPTIONS:
  --metrics                          Enable metrics collection and reporting
  --metrics.influxdb                 Enable metrics export/push to an external InfluxDB database
  --metrics.influxdb.endpoint value  InfluxDB API endpoint to report metrics to (default: "http://localhost:8086")
  --metrics.influxdb.database value  InfluxDB database name to push reported metrics to (default: "geth")
  --metrics.influxdb.username value  Username to authorize access to the database (default: "test")
  --metrics.influxdb.password value  Password to authorize access to the database (default: "test")
  --metrics.influxdb.host.tag host   InfluxDB host tag attached to all measurements (default: "localhost")
  
WHISPER (EXPERIMENTAL) OPTIONS:
  --shh                       Enable Whisper
  --shh.maxmessagesize value  Max message size accepted (default: 1048576)
  --shh.pow value             Minimum POW accepted (default: 0.2)
  
DEPRECATED OPTIONS:
  --minerthreads value      Number of CPU threads to use for mining (deprecated, use --miner.threads) (default: 0)
  --targetgaslimit value    Target gas floor for mined blocks (deprecated, use --miner.gastarget) (default: 4712388)
  --gasprice "18000000000"  Minimal gas price for mining a transactions (deprecated, use --miner.gasprice)
  --etherbase value         Public address for block mining rewards (default = first account, deprecated, use --miner.etherbase) (default: "0")
  --extradata value         Block extra data set by the miner (default = client version, deprecated, use --miner.extradata)
  
MISC OPTIONS:
  --help, -h  show help
  

COPYRIGHT:
   Copyright 2013-2018 The go-ethereum Authors
   
Welcome to the Geth JavaScript console!

instance: Geth/v1.8.14-stable/darwin-amd64/go1.11
coinbase: 0xc0e14e7ca2da79ff1b4339c0b76cdbab302201fc
at block: 0 (Thu, 01 Jan 1970 08:00:00 CST)
 datadir: /Users/youdi/Project/blockchain/testNet
 modules: admin:1.0 clique:1.0 debug:1.0 eth:1.0 miner:1.0 net:1.0 personal:1.0 rpc:1.0 shh:1.0 txpool:1.0 web3:1.0

> > > > > > > > > (anonymous): Line 1:1 Unexpected token ILLEGAL (and 1 more errors)
> > caught interrupt, exiting
Welcome to the Geth JavaScript console!

instance: Geth/v1.8.14-stable/darwin-amd64/go1.11
coinbase: 0xc0e14e7ca2da79ff1b4339c0b76cdbab302201fc
at block: 0 (Thu, 01 Jan 1970 08:00:00 CST)
 datadir: /Users/youdi/Project/blockchain/testNet
 modules: admin:1.0 clique:1.0 debug:1.0 eth:1.0 miner:1.0 net:1.0 personal:1.0 rpc:1.0 shh:1.0 txpool:1.0 web3:1.0

> caught interrupt, exiting
INFO [10-22|15:41:39.260] Maximum peer count                       ETH=25 LES=0 total=25
INFO [10-22|15:41:40.035] Using developer account                  address=0xC0E14E7CA2DA79fF1b4339c0B76cdbaB302201Fc
INFO [10-22|15:41:40.036] Starting peer-to-peer node               instance=Geth/v1.8.14-stable/darwin-amd64/go1.11
INFO [10-22|15:41:40.036] Allocated cache and file handles         database=/Users/youdi/Project/blockchain/testNet/geth/chaindata cache=768 handles=1024
INFO [10-22|15:41:40.057] Persisted trie from memory database      nodes=11 size=1.71kB time=56.725µs gcnodes=0 gcsize=0.00B gctime=0s livenodes=1 livesize=0.00B
INFO [10-22|15:41:40.057] Initialised chain configuration          config="{ChainID: 1337 Homestead: 0 DAO: <nil> DAOSupport: false EIP150: 0 EIP155: 0 EIP158: 0 Byzantium: 0 Constantinople: <nil> Engine: clique}"
INFO [10-22|15:41:40.057] Initialising Ethereum protocol           versions="[63 62]" network=1337
INFO [10-22|15:41:40.058] Loaded most recent local header          number=0 hash=75e075…ff8466 td=1
INFO [10-22|15:41:40.058] Loaded most recent local full block      number=0 hash=75e075…ff8466 td=1
INFO [10-22|15:41:40.058] Loaded most recent local fast block      number=0 hash=75e075…ff8466 td=1
INFO [10-22|15:41:40.058] Loaded local transaction journal         transactions=0 dropped=0
INFO [10-22|15:41:40.058] Regenerated local transaction journal    transactions=0 accounts=0
INFO [10-22|15:41:40.059] Starting P2P networking 
INFO [10-22|15:41:40.059] RLPx listener up                         self="enode://1e424eded9d793d12998f01f79a25883cb29480a8f4b6044545536e4d9c52d20cb416ae80559f754856c106135a9e67a697c80287151f07180f20819b18172d3@[::]:62849?discport=0"
INFO [10-22|15:41:40.059] started whisper v.6.0 
INFO [10-22|15:41:40.061] IPC endpoint opened                      url=/Users/youdi/Project/blockchain/testNet/geth.ipc
INFO [10-22|15:41:40.061] Transaction pool price threshold updated price=18000000000
INFO [10-22|15:41:40.061] Etherbase automatically configured       address=0xC0E14E7CA2DA79fF1b4339c0B76cdbaB302201Fc
INFO [10-22|15:41:40.061] Commit new mining work                   number=1 uncles=0 txs=0 gas=0 fees=0 elapsed=90.942µs
WARN [10-22|15:41:40.061] Block sealing failed                     err="waiting for transactions"
INFO [10-22|15:47:16.623] Setting new local account                address=0xC0E14E7CA2DA79fF1b4339c0B76cdbaB302201Fc
INFO [10-22|15:47:16.624] Submitted contract creation              fullhash=0xc15b71fb85dbb018eb5d9df1e8e2727632ab63b339853897f7cd9400805e2b3f contract=0x82689A9d39bBeAde2FcfEb77405D69e98eD07B6D
INFO [10-22|15:47:16.624] Commit new mining work                   number=1 uncles=0 txs=0 gas=0 fees=0 elapsed=160.124µs
WARN [10-22|15:47:16.624] Block sealing failed                     err="waiting for transactions"
INFO [10-22|15:47:16.625] Commit new mining work                   number=1 uncles=0 txs=1 gas=115767 fees=1.15767e-13 elapsed=1.267ms
INFO [10-22|15:47:16.625] Successfully sealed new block            number=1 hash=1a84cf…8cf092 elapsed=400.552µs
INFO [10-22|15:47:16.626] 🔨 mined potential block                  number=1 hash=1a84cf…8cf092
INFO [10-22|15:47:16.627] Commit new mining work                   number=2 uncles=0 txs=0 gas=0      fees=0           elapsed=452.816µs
WARN [10-22|15:47:16.627] Block sealing failed                     err="waiting for transactions"
INFO [10-22|17:43:48.221] Regenerated local transaction journal    transactions=0 accounts=0
INFO [10-22|18:43:48.236] Regenerated local transaction journal    transactions=0 accounts=0
INFO [10-22|20:08:26.022] Regenerated local transaction journal    transactions=0 accounts=0
INFO [10-22|21:08:26.043] Regenerated local transaction journal    transactions=0 accounts=0
INFO [10-22|21:21:48.464] IPC endpoint closed                      endpoint=/Users/youdi/Project/blockchain/testNet/geth.ipc
INFO [10-22|21:21:48.464] Writing cached state to disk             block=1 hash=1a84cf…8cf092 root=6ec405…f53b78
INFO [10-22|21:21:48.464] Persisted trie from memory database      nodes=6  size=1.14kB time=119.648µs gcnodes=0 gcsize=0.00B gctime=0s livenodes=1 livesize=0.00B
INFO [10-22|21:21:48.465] Blockchain manager stopped 
INFO [10-22|21:21:48.465] Stopping Ethereum protocol 
INFO [10-22|21:21:48.465] Ethereum protocol stopped 
INFO [10-22|21:21:48.465] Transaction pool stopped 
INFO [10-22|21:21:48.465] Database closed                          database=/Users/youdi/Project/blockchain/testNet/geth/chaindata
INFO [10-22|21:21:48.465] whisper stopped 
INFO [10-22|21:22:00.047] Maximum peer count                       ETH=25 LES=0 total=25
INFO [10-22|21:22:00.823] Using developer account                  address=0xC0E14E7CA2DA79fF1b4339c0B76cdbaB302201Fc
INFO [10-22|21:22:00.830] Starting peer-to-peer node               instance=Geth/v1.8.14-stable/darwin-amd64/go1.11
INFO [10-22|21:22:00.830] Allocated cache and file handles         database=/Users/youdi/Project/blockchain/testNet/geth/chaindata cache=768 handles=1024
INFO [10-22|21:22:00.849] Persisted trie from memory database      nodes=11 size=1.71kB time=42.101µs gcnodes=0 gcsize=0.00B gctime=0s livenodes=1 livesize=0.00B
INFO [10-22|21:22:00.849] Initialised chain configuration          config="{ChainID: 1337 Homestead: 0 DAO: <nil> DAOSupport: false EIP150: 0 EIP155: 0 EIP158: 0 Byzantium: 0 Constantinople: <nil> Engine: clique}"
INFO [10-22|21:22:00.849] Initialising Ethereum protocol           versions="[63 62]" network=1337
INFO [10-22|21:22:00.850] Loaded most recent local header          number=1 hash=1a84cf…8cf092 td=3
INFO [10-22|21:22:00.850] Loaded most recent local full block      number=1 hash=1a84cf…8cf092 td=3
INFO [10-22|21:22:00.850] Loaded most recent local fast block      number=1 hash=1a84cf…8cf092 td=3
INFO [10-22|21:22:00.850] Loaded local transaction journal         transactions=0 dropped=0
INFO [10-22|21:22:00.850] Regenerated local transaction journal    transactions=0 accounts=0
WARN [10-22|21:22:00.850] Blockchain not empty, fast sync disabled 
INFO [10-22|21:22:00.851] Starting P2P networking 
INFO [10-22|21:22:00.851] started whisper v.6.0 
INFO [10-22|21:22:00.851] RLPx listener up                         self="enode://1e424eded9d793d12998f01f79a25883cb29480a8f4b6044545536e4d9c52d20cb416ae80559f754856c106135a9e67a697c80287151f07180f20819b18172d3@[::]:63474?discport=0"
INFO [10-22|21:22:00.853] IPC endpoint opened                      url=/Users/youdi/Project/blockchain/testNet/geth.ipc
INFO [10-22|21:22:00.853] HTTP endpoint opened                     url=http://127.0.0.1:8545                            cors= vhosts=localhost
INFO [10-22|21:22:00.853] Transaction pool price threshold updated price=18000000000
INFO [10-22|21:22:00.853] Etherbase automatically configured       address=0xC0E14E7CA2DA79fF1b4339c0B76cdbaB302201Fc
INFO [10-22|21:22:00.854] Commit new mining work                   number=2 uncles=0 txs=0 gas=0 fees=0 elapsed=107.104µs
WARN [10-22|21:22:00.854] Block sealing failed                     err="waiting for transactions"
